[21:20:15] [ServerMain/INFO]: Environment: Environment[sessionHost=https://sessionserver.mojang.com, servicesHost=https://api.minecraftservices.com, profilesHost=https://api.mojang.com, name=PROD]
[21:20:17] [ServerMain/INFO]: Loaded 1470 recipes
[21:20:17] [ServerMain/INFO]: Loaded 1584 advancements
[21:20:17] [Server thread/INFO]: Starting minecraft server version 1.21.11
[21:20:17] [Server thread/INFO]: Loading properties
[21:20:17] [Server thread/INFO]: Default game type: SURVIVAL
[21:20:17] [Server thread/INFO]: Generating keypair
[21:20:17] [Server thread/INFO]: Starting Minecraft server on *:25565
[21:20:17] [Server thread/WARN]: **** SERVER IS RUNNING IN OFFLINE/INSECURE MODE!
[21:20:17] [Server thread/WARN]: The server will make no attempt to authenticate usernames. Beware.
[21:20:17] [Server thread/WARN]: While this makes the game possible to play without internet access, it also opens up the ability for hackers to connect with any username they choose.
[21:20:17] [Server thread/WARN]: To change this, set "online-mode" to "true" in the server.properties file.
[21:20:17] [Server thread/INFO]: Preparing level "world"
[21:20:17] [Server thread/INFO]: Loading 0 persistent chunks...
[21:20:17] [Server thread/INFO]: Preparing spawn area: 100%
[21:20:18] [Server thread/INFO]: Time elapsed: 15 ms
[21:20:18] [Server thread/INFO]: Done (0.605s)! For help, type "help"
[21:20:57] [Server thread/INFO]: skrolx[/127.63.57.8:48923] logged in with entity id 55 at (1837.9692277108193, -42.0, 352.0283758258411)
[21:20:57] [Server thread/INFO]: skrolx joined the game
[21:22:37] [Server thread/INFO]: LenzGOTY[/127.2.170.146:60145] logged in with entity id 686 at (389.9179999274901, 71.0, -239.16185059592098)
[21:22:37] [Server thread/INFO]: LenzGOTY joined the game
[21:32:21] [Server thread/WARN]: Mismatch in destroy block pos: is{x=1355, y=-40, z=794} is{x=1354, y=-40, z=794}
[21:34:18] [Server thread/WARN]: Mismatch in destroy block pos: is{x=1426, y=-49, z=797} is{x=1426, y=-49, z=798}
[21:41:26] [Server thread/WARN]: skrolx was kicked for floating too long!
[21:41:26] [Server thread/INFO]: skrolx lost connection: Flying is not enabled on this server
[21:41:26] [Server thread/INFO]: skrolx left the game
[21:41:50] [Server thread/INFO]: skrolx[/127.70.107.52:56499] logged in with entity id 9990 at (1309.0866968541172, -45.75081292125532, 609.9928736325207)
[21:41:50] [Server thread/INFO]: skrolx joined the game
[21:51:26] [Server thread/INFO]: [Not Secure] <LenzGOTY> 1328 -41 781
[21:53:32] [Server thread/INFO]: LenzGOTY has made the advancement [Sneak 100]
